* Microsoft COBOL Version 4.5        L2.4 revision 002 26-Sep-23 09:12 Page   1
*                                       RDF.CBL
* Options: LIST(RDF.LST) ASMLIST(RDF.GRP)
     1 identification division.
     2 PROGRAM-ID. REDTAB02.
     3 AUTHOR. LUIZ HENRIQUE.
     4 INSTALLATION. FATEC-SP.
     5 DATE-WRITTEN. 23/09/2023.
     6 DATE-COMPILED. 26-Sep-23 09:12.
     7 SECURITY. APENAS O AUTOR PODE MODIFICA-LO.
     8*REMARKS. LE UM ARQUIVO COM DATA (DIA, MES, ANO)
     9*         GRAVA A DATA POR EXTENSO UTILIZANDO UMA
    10*         TABELA PRE-DEFINIDA (REDEFINES).
    11
    12 ENVIRONMENT DIVISION.
    13 CONFIGURATION SECTION.
    14 source-computer. FATEC-PC.
    15 OBJECT-COMPUTER. FATEC-PC.
    16 SPECIAL-NAMES. DECIMAL-POINT IS COMMA.
    17
    18 INPUT-OUTPUT SECTION.
    19 FILE-CONTROL.
    20     SELECT ARQ-ENT ASSIGN TO DISK
    21     organization IS LINE sequential.
    22     select CAD-SAI ASSIGN TO DISK
    23     organization IS LINE SEQUENTIAL.
    24
    25 DATA DIVISION.
    26 FILE section.
    27 FD ARQ-ENT
    28     LABEL RECORD ARE STANDARD
    29     VALUE OF FILE-ID IS "ARQ-ENT.DAT".
    30
    31 01 REG-ENT.
    32     02 COD-ENT PIC 9(03).
    33     02 DATA-ENT.
    34         03 DD-ENT PIC 9(02).
    35         03 MM-ENT PIC 9(02).
    36         03 AA-ENT PIC 9(02).
    37
    38 FD CAD-SAI
    39     LABEL RECORD ARE STANDARD.
    40
    41 01 REG-SAI.
    42     02 COD-SAI PIC 9(03).
    43     02 DATA-SAI.
    44         03 DD-SAI PIC 9(02).
    45         03 MM-SAI PIC X(09).
    46         03 AA-SAI PIC 9(02).
    47
    48 working-storage section.
    49     77 FIM-ARQ PIC X(03) VALUE "NAO".
    50
    51 01 TABELA-MES.
    52     02 DEF-MES.
    53         03 FILLER PIC X(09) VALUE "  JANEIRO".
    54         03 FILLER PIC X(09) VALUE "FEVEREIRO".
    55         03 FILLER PIC X(09) VALUE "    MARCO".
    56         03 FILLER PIC X(09) VALUE "    ABRIL".
    57         03 FILLER PIC X(09) VALUE "     MAIO".
* Microsoft COBOL Version 4.5        L2.4 revision 002 26-Sep-23 09:12 Page   2
*                                       RDF.CBL
    58         03 FILLER PIC X(09) VALUE "    JUNHO".
    59         03 FILLER PIC X(09) VALUE "    JULHO".
    60         03 FILLER PIC X(09) VALUE "   AGOSTO".
    61         03 FILLER PIC X(09) VALUE " SETEMBRO".
    62         03 FILLER PIC X(09) VALUE "  OUTUBRO".
    63         03 FILLER PIC X(09) VALUE " NOVEMBRO".
    64         03 FILLER PIC X(09) VALUE " DEZEMBRO".
    65
    66 01 TABELA-MES-RED REDEFINES TABELA-MES.
    67     02 MES PIC X(09) OCCURS 12 TIMES.
    68
    69 PROCEDURE DIVISION.
    70 PGM-TAB02.
    71     PERFORM INICIO.
    72     PERFORM PRINCIPAL UNTIL FIM-ARQ EQUAL "SIM".
    73     PERFORM TERMINO.
    74     STOP RUN.
    75
    76 INICIO.
    77     OPEN INPUT ARQ-ENT OUTPUT CAD-SAI.
    78     PERFORM LEITURA.
    79
    80 LEITURA.
    81     READ ARQ-ENT AT END MOVE "SIM" TO FIM-ARQ.
    82
    83 PRINCIPAL.
    84     PERFORM PESQUISA-TABELA.
    85     PERFORM GRAVA-SAI.
    86     PERFORM LEITURA.
    87
    88 PESQUISA-TABELA.
    89     MOVE MES(MM-ENT) TO MM-SAI.
    90
    91 GRAVA-SAI.
    92     MOVE COD-ENT TO COD-SAI.
    93     MOVE DD-ENT TO DD-SAI.
    94     MOVE AA-ENT TO AA-SAI.
    95     WRITE REG-SAI.
    96
    97 TERMINO.
    98     CLOSE ARQ-ENT CAD-SAI.
* Microsoft COBOL Version 4.5        L2.4 revision 002
* (C)Copyright Microsoft Corp 1984, 1991       URN AXUPA/MS0/000000
*                                              REF GNB-024050002A7
*
* Total Messages:     0
* Data:        1104     Code:         337     Dictionary:        1411
