* Microsoft COBOL Version 4.5        L2.4 revision 002 13-Nov-23 17:59 Page   1
*                                       EX01.CBL
* Options: LIST(EX01.LST) ASMLIST(EX01.GRP)
     1 IDENTIFICATION DIVISION.
     2 PROGRAM-ID.     EX01.
     3 AUTHOR.         LUIZ HENRIQUE DE SANTANA
     4                 GABRIEL GOMES DA CRUZ
     5                 NICOLE CARVALHO FUKUSHIMA.
     6 INSTALLATION.   FATEC-SP.
     7 DATE-WRITTEN.   07/11/2023.
     8 DATE-COMPILED. 13-Nov-23 17:59.
     9 SECURITY. APENAS O AUTOR PODE MODIFICAR.
    10*REMARKS.  LER ARQUIVO DE ENTRADA CADENT E CLASSIFICAR OS
    11*          DADOS NO ARQUIVO DE SAIDA CADSAI, ORDENANDO POR
    12*          CODIGO E NOME EM ORDEM ASCENDENTE.
    13
    14 ENVIRONMENT DIVISION.
    15 CONFIGURATION SECTION.
    16 SOURCE-COMPUTER. IBM-PC.
    17 OBJECT-COMPUTER. IBM-PC.
    18 SPECIAL-NAMES.   DECIMAL-POINT IS COMMA.
    19
    20 INPUT-OUTPUT SECTION.
    21 FILE-CONTROL.
    22 SELECT CADENT ASSIGN TO DISK ORGANIZATION IS
    23     LINE SEQUENTIAL.
    24 SELECT TRAB ASSIGN TO DISK.
    25 SELECT CADSAI ASSIGN TO DISK ORGANIZATION IS
    26     LINE SEQUENTIAL.
    27
    28 DATA DIVISION.
    29 FILE SECTION.
    30
    31 FD CADENT LABEL RECORD ARE STANDARD VALUE OF FILE-ID
    32     IS "CADENT.DAT".
    33 01 REG-ENT.
    34     02 COD-ENT      PIC 9(05).
    35     02 NOME-ENT     PIC X(30).
    36     02 SEX-ENT      PIC X(01).
    37
    38 SD TRAB.
    39 01 REG-TRAB.
    40     02 COD-TRAB    PIC 9(05).
    41     02 NOME-TRAB   PIC X(30).
    42     02 SEX-TRAB    PIC X(01).
    43
    44 FD CADSAI LABEL RECORD ARE STANDARD VALUE OF FILE-ID
    45     IS "CADSAI.DAT".
    46 01 REG-SAI.
    47     02 COD-SAI      PIC 9(05).
    48     02 NOME-SAI     PIC X(30).
    49     02 SEX-SAI      PIC X(01).
    50
    51 WORKING-STORAGE SECTION.
    52 77 FIM-ARQ PIC XXX VALUE "NAO".
    53
    54 PROCEDURE DIVISION.
    55 PGM-EX01.
    56     SORT TRAB ASCENDING KEY COD-TRAB, NOME-TRAB
    57         USING CADENT GIVING CADSAI.
* Microsoft COBOL Version 4.5        L2.4 revision 002 13-Nov-23 17:59 Page   2
*                                       EX01.CBL
* Microsoft COBOL Version 4.5        L2.4 revision 002
* (C)Copyright Microsoft Corp 1984, 1991       URN AXUPA/MS0/000000
*                                              REF GNB-024050002A7
*
* Total Messages:     0
* Data:        1260     Code:         274     Dictionary:        1254
