* Microsoft COBOL Version 4.5        L2.4 revision 002 31-Oct-23 08:44 Page   1
*                                       SORT.CBL
* Options: LIST(SORT.LST) ASMLIST(SORT.GRP)
     1 IDENTIFICATION DIVISION.
     2 PROGRAM-ID.     EXSORT.
     3 AUTHOR.         LUIZ HENRIQUE DE SANTANA.
     4 INSTALLATION.   FATEC-SP.
     5 DATE-WRITTEN.   31/10/2023.
     6 DATE-COMPILED. 31-Oct-23 08:44.
     7 SECURITY.       APENAS O AUTOR PODE MODIFICA-LO.
     8*REMARKS. FAZ O SORT DO ARQUIVO DE ENTRADA.
     9*         USANDO USING E GIVING. GERANDO
    10*         COMO SAIDA DOIS ARQUIVOS CLASSIFICADOS.
    11
    12 ENVIRONMENT DIVISION.
    13 CONFIGURATION SECTION.
    14     SOURCE-COMPUTER. IBM-PC.
    15     OBJECT-COMPUTER. IBM-PC.
    16     SPECIAL-NAMES.   DECIMAL-POINT IS COMMA.
    17
    18 INPUT-OUTPUT SECTION.
    19 FILE-CONTROL.
    20     SELECT ENTRADA ASSIGN TO DISK ORGANIZATION IS
    21         LINE SEQUENTIAL.
    22     SELECT TRAB ASSIGN TO DISK.
    23     SELECT SAI-ORD-COD ASSIGN TO DISK ORGANIZATION IS
    24         LINE SEQUENTIAL.
    25     SELECT SAI-ORD-NOME ASSIGN TO DISK ORGANIZATION IS
    26         LINE SEQUENTIAL.
    27
    28 DATA DIVISION.
    29 FILE SECTION.
    30 FD ENTRADA LABEL RECORD ARE STANDARD
    31     VALUE OF FILE-ID IS "ENT.DAT".
    32     01 REG-ENT.
    33       02 COD-ENT  PIC 9(04).
    34       02 NOME-ENT PIC X(30).
    35
    36 SD TRAB.
    37     01 REG-TRAB.
    38       02 COD-TRAB  PIC 9(04).
    39       02 NOME-TRAB PIC X(30).
    40
    41 FD SAI-ORD-COD LABEL RECORD ARE STANDARD
    42     VALUE OF FILE-ID IS "ORD-COD.DAT".
    43     01 REG-COD.
    44       02 COD-COD  PIC 9(04).
    45       02 NOME-COD PIC X(30).
    46
    47 FD SAI-ORD-NOME LABEL RECORD ARE STANDARD
    48     VALUE OF FILE-ID IS "ORD-NOME.DAT".
    49     01 REG-NOME.
    50       02 COD-NOME  PIC 9(04).
    51       02 NOME-NOME PIC X(30).
    52
    53 WORKING-STORAGE SECTION.
    54 77 FIM-ARQ PIC X(03) VALUE "NAO".
    55
    56 PROCEDURE DIVISION.
    57 PGM-EXSORT.
* Microsoft COBOL Version 4.5        L2.4 revision 002 31-Oct-23 08:44 Page   2
*                                       SORT.CBL
    58     SORT TRAB ASCENDING KEY COD-TRAB
    59         USING ENTRADA GIVING SAI-ORD-COD.
    60     SORT TRAB ASCENDING KEY NOME-TRAB
    61         USING ENTRADA GIVING SAI-ORD-NOME.
    62     STOP RUN.
* Microsoft COBOL Version 4.5        L2.4 revision 002
* (C)Copyright Microsoft Corp 1984, 1991       URN AXUPA/MS0/000000
*                                              REF GNB-024050002A7
*
* Total Messages:     0
* Data:        1456     Code:         411     Dictionary:        1478
